// Jest Snapshot v1, https://goo.gl/fbAQLP

exports[`FileSelect component renders correctly 1`] = `
<div>
  <select
    class="form-select"
    style="width: 90%; margin: auto;"
  >
    <option
      hidden=""
      value=""
    >
      Select a file
    </option>
    <option>
      file1
    </option>
    <option>
      file2
    </option>
    <option>
      file3
    </option>
  </select>
</div>
`;
