// Jest Snapshot v1, https://goo.gl/fbAQLP

exports[`MyAlert component renders correctly 1`] = `
<div>
  <div
    class="fade alert alert-danger alert-dismissible show"
    role="alert"
    style="width: 90%; margin: 24px auto auto auto;"
  >
    <button
      aria-label="Close alert"
      class="btn-close"
      type="button"
    />
    <p>
      The selected file does not contain information.
    </p>
  </div>
</div>
`;
