// Jest Snapshot v1, https://goo.gl/fbAQLP

exports[`Title component renders correctly 1`] = `
<div>
  <div
    class="container-fluid"
    style="background-color: rgb(255, 102, 102); padding-top: 2px; padding-bottom: 2px; margin-bottom: 16px;"
  >
    <h5
      style="text-align: left; color: white;"
    >
      React Test App
    </h5>
  </div>
</div>
`;
